../Core/Src/main.c:101:5:main	16	static
../Core/Src/main.c:189:6:SystemClock_Config	88	static
../Core/Src/main.c:246:13:MX_CAN1_Init	8	static
../Core/Src/main.c:283:13:MX_I2C1_Init	8	static
../Core/Src/main.c:331:13:MX_I2C2_Init	8	static
../Core/Src/main.c:379:13:MX_I2C4_Init	8	static
../Core/Src/main.c:427:13:MX_SPI3_Init	8	static
../Core/Src/main.c:467:13:MX_TIM1_Init	56	static
../Core/Src/main.c:518:13:MX_TIM3_Init	56	static
../Core/Src/main.c:567:13:MX_TIM4_Init	56	static
../Core/Src/main.c:616:13:MX_TIM8_Init	56	static
../Core/Src/main.c:667:13:MX_USART1_UART_Init	8	static
../Core/Src/main.c:702:13:MX_USART2_UART_Init	8	static
../Core/Src/main.c:737:13:MX_USART3_UART_Init	8	static
../Core/Src/main.c:772:13:MX_USART6_UART_Init	8	static
../Core/Src/main.c:805:13:MX_DMA_Init	16	static
../Core/Src/main.c:830:13:MX_GPIO_Init	64	static
../Core/Src/main.c:978:6:HAL_TIM_PeriodElapsedCallback	16	static
../Core/Src/main.c:996:6:Error_Handler	4	static,ignoring_inline_asm
