../Core/Src/robstride.c:16:7:UartLog	16	static
../Core/Src/robstride.c:21:14:RobStride_CanLecToStr	16	static
../Core/Src/robstride.c:37:7:RobStride_LogCanDiag	288	static
../Core/Src/robstride.c:64:8:clampf	24	static
../Core/Src/robstride.c:77:11:float_to_u16	32	static
../Core/Src/robstride.c:84:8:u16_to_float	24	static
../Core/Src/robstride.c:89:11:robstride_build_ext_id	16	static
../Core/Src/robstride.c:96:20:can1_send_ext	40	static
../Core/Src/robstride.c:164:20:RobStride_SendEnable	32	static
../Core/Src/robstride.c:171:20:RobStride_SendStop	32	static
../Core/Src/robstride.c:179:20:RobStride_SendOpControl	56	static
../Core/Src/robstride.c:196:20:can1_recv_ext	40	static
../Core/Src/robstride.c:232:20:RobStride_WriteFloat	32	static
../Core/Src/robstride.c:244:20:RobStride_WriteU8	32	static
../Core/Src/robstride.c:256:20:RobStride_WriteU16	32	static
../Core/Src/robstride.c:269:20:RobStride_ReadParam	32	static
../Core/Src/robstride.c:280:20:RobStride_EnableActiveReport	32	static
../Core/Src/robstride.c:296:20:RobStride_DisableActiveReport	24	static
../Core/Src/robstride.c:305:7:RobStride_ProcessRx	40	static
../Core/Src/robstride.c:366:7:RobStride_ReadAllParams	8	static
../Core/Src/robstride.c:379:20:RobStride_PrepareMode	24	static
../Core/Src/robstride.c:417:7:RobStride_RunMaxTorque	128	static
../Core/Src/robstride.c:452:7:RobStride_RunAllModeTests	104	static
