../Core/Src/main.c:125:13:Receive_JoyStick_Data	16	static
../Core/Src/main.c:139:14:lerp	24	static
../Core/Src/main.c:151:13:apply_joystick	40	static
../Core/Src/main.c:194:13:motor_init	16	static
../Core/Src/main.c:214:5:main	8	static
../Core/Src/main.c:332:6:SystemClock_Config	88	static
../Core/Src/main.c:389:13:MX_CAN1_Init	48	static
../Core/Src/main.c:447:13:MX_I2C1_Init	8	static
../Core/Src/main.c:495:13:MX_I2C2_Init	8	static
../Core/Src/main.c:543:13:MX_I2C4_Init	8	static
../Core/Src/main.c:591:13:MX_SPI3_Init	8	static
../Core/Src/main.c:631:13:MX_TIM1_Init	56	static
../Core/Src/main.c:682:13:MX_TIM3_Init	56	static
../Core/Src/main.c:731:13:MX_TIM4_Init	56	static
../Core/Src/main.c:780:13:MX_TIM8_Init	56	static
../Core/Src/main.c:831:13:MX_USART1_UART_Init	8	static
../Core/Src/main.c:866:13:MX_USART2_UART_Init	8	static
../Core/Src/main.c:901:13:MX_USART3_UART_Init	8	static
../Core/Src/main.c:936:13:MX_USART6_UART_Init	8	static
../Core/Src/main.c:969:13:MX_DMA_Init	16	static
../Core/Src/main.c:994:13:MX_GPIO_Init	64	static
../Core/Src/main.c:1144:6:HAL_TIM_PeriodElapsedCallback	16	static
../Core/Src/main.c:1162:6:Error_Handler	4	static,ignoring_inline_asm
