../Core/Src/main.c:134:5:main	8	static
../Core/Src/main.c:229:6:SystemClock_Config	88	static
../Core/Src/main.c:287:13:MX_CAN1_Init	8	static
../Core/Src/main.c:324:13:MX_ETH_Init	8	static
../Core/Src/main.c:373:13:MX_SPI3_Init	8	static
../Core/Src/main.c:413:13:MX_TIM1_Init	56	static
../Core/Src/main.c:464:13:MX_TIM2_Init	48	static
../Core/Src/main.c:525:13:MX_TIM3_Init	56	static
../Core/Src/main.c:574:13:MX_TIM4_Init	56	static
../Core/Src/main.c:623:13:MX_TIM8_Init	56	static
../Core/Src/main.c:674:13:MX_USART1_UART_Init	8	static
../Core/Src/main.c:709:13:MX_GPIO_Init	64	static
../Core/Src/main.c:892:6:HAL_GPIO_EXTI_Callback	16	static
../Core/Src/main.c:906:6:EmergencyTask	16	static
../Core/Src/main.c:924:6:Joy_Task	32	static
../Core/Src/main.c:943:6:Motion_Control	16	static
../Core/Src/main.c:962:6:HAL_TIM_PeriodElapsedCallback	16	static
../Core/Src/main.c:980:6:Error_Handler	4	static,ignoring_inline_asm
