../Core/Src/WEncoder_CAN.c:31:13:core_Init	32	static
../Core/Src/WEncoder_CAN.c:43:13:core_BuildRequest	16	static
../Core/Src/WEncoder_CAN.c:56:16:core_IsEcho	16	static
../Core/Src/WEncoder_CAN.c:66:16:core_IsValidResponse	16	static
../Core/Src/WEncoder_CAN.c:75:16:core_DecodeLE	24	static
../Core/Src/WEncoder_CAN.c:85:16:core_AcceptStep	24	static
../Core/Src/WEncoder_CAN.c:94:16:core_AutoBaseline	16	static
../Core/Src/WEncoder_CAN.c:103:14:core_DisplacementMm	16	static
../Core/Src/WEncoder_CAN.c:112:26:prv_ApplyBitTiming	24	static
../Core/Src/WEncoder_CAN.c:129:24:prv_Find	24	static
../Core/Src/WEncoder_CAN.c:138:13:prv_SendRequest	56	static
../Core/Src/WEncoder_CAN.c:156:13:prv_ProcessFrame	72	static
../Core/Src/WEncoder_CAN.c:193:6:WEncoder_CAN_Init	24	static
../Core/Src/WEncoder_CAN.c:206:9:WEncoder_CAN_AddEncoder	40	static
../Core/Src/WEncoder_CAN.c:231:19:WEncoder_CAN_StartStack	56	static
../Core/Src/WEncoder_CAN.c:259:6:WEncoder_CAN_Task	72	static
../Core/Src/WEncoder_CAN.c:290:9:WEncoder_CAN_RxCallback	72	static,ignoring_inline_asm
../Core/Src/WEncoder_CAN.c:312:9:WEncoder_CAN_GetByIndex	24	static
../Core/Src/WEncoder_CAN.c:331:9:WEncoder_CAN_GetById	24	static
../Core/Src/WEncoder_CAN.c:340:9:WEncoder_CAN_GetCount	4	static
../Core/Src/WEncoder_CAN.c:345:9:WEncoder_CAN_IsTimeout	16	static
../Core/Src/WEncoder_CAN.c:353:6:WEncoder_CAN_ZeroHere	24	static
