../Core/Src/main.c:93:5:__io_putchar	24	static
../Core/Src/main.c:105:6:HAL_CAN_RxFifo0MsgPendingCallback	120	static
../Core/Src/main.c:157:6:HAL_CAN_ErrorCallback	16	static
../Core/Src/main.c:164:26:CAN_ReInitForBaudCode	16	static
../Core/Src/main.c:192:26:CAN_Send4	64	static
../Core/Src/main.c:212:16:CAN_ProbeId	32	static
../Core/Src/main.c:237:26:CAN_WaitAck	24	static
../Core/Src/main.c:252:26:CAN_EnsureTargetId	24	static
../Core/Src/main.c:291:26:CAN_EnsureTargetBaud	8	static
../Core/Src/main.c:326:5:main	16	static
../Core/Src/main.c:397:6:SystemClock_Config	88	static
../Core/Src/main.c:426:13:MX_CAN1_Init	8	static
../Core/Src/main.c:453:13:MX_USART3_UART_Init	8	static
../Core/Src/main.c:478:13:MX_GPIO_Init	56	static
../Core/Src/main.c:531:6:Error_Handler	4	static,ignoring_inline_asm
