../Core/Src/WEncoder_CAN.c:53:13:core_Init	32	static
../Core/Src/WEncoder_CAN.c:64:13:core_BuildRequest	16	static
../Core/Src/WEncoder_CAN.c:77:16:core_IsEcho	16	static
../Core/Src/WEncoder_CAN.c:86:16:core_IsValidResponse	16	static
../Core/Src/WEncoder_CAN.c:97:16:core_DecodeLE	24	static
../Core/Src/WEncoder_CAN.c:107:16:core_AcceptStep	24	static
../Core/Src/WEncoder_CAN.c:116:13:core_AutoBaseline	16	static
../Core/Src/WEncoder_CAN.c:123:14:core_DisplacementMm	16	static
../Core/Src/WEncoder_CAN.c:132:26:prv_ApplyBitTiming	24	static
../Core/Src/WEncoder_CAN.c:151:24:prv_Find	24	static
../Core/Src/WEncoder_CAN.c:161:16:prv_FindIndex	24	static
../Core/Src/WEncoder_CAN.c:170:13:prv_SendRequest	56	static
../Core/Src/WEncoder_CAN.c:189:13:prv_ProcessSlot	32	static
../Core/Src/WEncoder_CAN.c:212:6:WEncoder_CAN_Init	16	static
../Core/Src/WEncoder_CAN.c:220:9:WEncoder_CAN_AddEncoder	40	static
../Core/Src/WEncoder_CAN.c:251:19:WEncoder_CAN_FilterStart	48	static
../Core/Src/WEncoder_CAN.c:280:19:WEncoder_CAN_StartStack	8	static
../Core/Src/WEncoder_CAN.c:288:6:WEncoder_CAN_Poll	16	static
../Core/Src/WEncoder_CAN.c:311:9:WEncoder_CAN_RxCallback	56	static
../Core/Src/WEncoder_CAN.c:332:9:WEncoder_CAN_GetByIndex	24	static
../Core/Src/WEncoder_CAN.c:347:9:WEncoder_CAN_GetById	24	static
../Core/Src/WEncoder_CAN.c:356:9:WEncoder_CAN_GetCount	4	static
../Core/Src/WEncoder_CAN.c:361:9:WEncoder_CAN_IsTimeout	16	static
../Core/Src/WEncoder_CAN.c:369:6:WEncoder_CAN_ZeroHere	24	static
